U-Boot 2014.10-00154-ge1ecc28 (Oct 29 2014 - 21:04:41)

CPU:   Freescale i.MX6Q rev1.2 at 792 MHz
Reset cause: WDOG
Board: Wandboard
I2C:   ready
DRAM:  2 GiB
MMC:   FSL_SDHC: 0, FSL_SDHC: 1
enable_4_3_inch_lcd2
Display: panel (480x272)
ipu_clk = 260000000
ldb_clk = 65000000
IPU DMFC NORMAL mode: 1(0~1), 5B(4,5), 5F(6,7)
mxcfb_init_fbinfo: 4 640 112 524
Framebuffer structures at: fbi=0x8f559298 mxcfbi=0x8f5594a8
allocated fb @ paddr=0x8F55E760, size=522240.
Channel already disabled 9
Channel already uninitialized 9
setup_disp_channel1 called
bpp_to_pixfmt: 16
init channel = 9
pixclock = 9090000 Hz
panel size = 480 x 272, clock 9090000Hz
pixel_fmt: 859981650
horizontal: 0 45 0
vertical: 0 16 0
WARNING: v_end_width (lower_margin) must be >= 2, adjusted
pixel clk = 9090000Hz
setup_disp_channel2: 95ffcff 480 272 960 8f55e760 8f59e360
bpp_to_pixfmt: 16
initializing idma ch 23 @ 027005c0
ch 23 word 0 - 00000000 00000000 00000000 E0001800 00043C3B
ch 23 word 1 - 91EB3C6C 023D579D 20E3C000 F2C0EFC0 00082CA0
PFS 0x7, BPP 0x3, NPB 0xf
FW 479, FH 271, Stride 959
Width0 4+1, Width1 5+1, Width2 4+1, Width3 7+1, Offset0 0, Offset1 5, Offset2 11, Offset3 16
IPU_CONF =      0x00000660
IDMAC_CONF =    0x0000002F
IDMAC_CHA_EN1 =         0x00800000
IDMAC_CHA_EN2 =         0x00000000
IDMAC_CHA_PRI1 =        0x18800000
IDMAC_CHA_PRI2 =        0x00000000
IPU_CHA_DB_MODE_SEL0 =  0x00800000
IPU_CHA_DB_MODE_SEL1 =  0x00000000
DMFC_WR_CHAN =  0x00000090
DMFC_WR_CHAN_DEF =      0x202020F6
DMFC_DP_CHAN =  0x00009694
DMFC_DP_CHAN_DEF =      0x2020F6F6
DMFC_IC_CTRL =  0x00000002
IPU_FS_PROC_FLOW1 =     0x00000000
IPU_FS_PROC_FLOW2 =     0x00000000
IPU_FS_PROC_FLOW3 =     0x00000000
IPU_FS_DISP_FLOW1 =     0x00000000
Framebuffer at 0x8f55e760
In:    serial
Out:   serial
Err:   serial
Net:   FEC [PRIME]
Hit any key to stop autoboot:  0
(Re)start USB...
USB0:   Port not available.
USB1:   USB EHCI 1.00
scanning bus 1 for devices... 2 USB Device(s) found
       scanning usb for storage devices... 1 Storage Device(s) found
switch to partitions #0, OK
mmc0 is current device
reading boot.scr
157 bytes read in 10 ms (14.6 KiB/s)
Running bootscript from mmc ...
## Executing script at 12000000
reading ubldr
244312 bytes read in 28 ms (8.3 MiB/s)
## Starting application at 0x88000054 ...
Consoles: U-Boot console
Compatible U-Boot API signature found @8f559698

FreeBSD/armv6 U-Boot loader, Revision 1.2
(root@freebsd, Sun Oct 19 14:34:29 CEST 2014)

DRAM: 2048MB
MMC: no card present
MMC Device 2 not found
MMC Device 3 not found
Number of U-Boot devices: 3
U-Boot env: loaderdev not set, will probe all devices.
Found U-Boot device: disk
  Probing all disk devices...
  Checking unit=0 slice=<auto> partition=<auto>... good.
-
/boot/kernel/kernel data=0x5b81c8+0xcbe38 syms=[0x4+0x8d750+0x4+0x56a6c]
Hit [Enter] to boot immediately, or any other key for command prompt.
Booting [/boot/kernel/kernel] in 8 seconds...

Type '?' for a list of commands, 'help' for more detailed help.
loader> boot -D
/boot/kernel/wandboard-quad.dtb size=0x2358
Loaded DTB from file 'wandboard-quad.dtb'.
Kernel entry at 0x12000100...
Kernel args: -D
KDB: debugger backends: ddb
KDB: current backend: ddb
Copyright (c) 1992-2014 The FreeBSD Project.
Copyright (c) 1979, 1980, 1983, 1986, 1988, 1989, 1991, 1992, 1993, 1994
        The Regents of the University of California. All rights reserved.
FreeBSD is a registered trademark of The FreeBSD Foundation.
FreeBSD 11.0-CURRENT #1 6a4ff10(wandboard): Fri Oct 31 21:21:03 UTC 2014
    jeroen@wandboard:/usr/obj/usr/src/sys/IMX6 arm
FreeBSD clang version 3.4.1 (tags/RELEASE_34/dot1-final 208032) 20140512
CPU: Cortex A9-r2 rev 10 (Cortex-A core)
 Supported features: ARM_ISA THUMB2 JAZELLE THUMBEE ARMv4 Security_Ext
 WB disabled EABT branch prediction enabled
LoUU:2 LoC:1 LoUIS:2
Cache level 1:
 32KB/32B 4-way data cache WB Read-Alloc Write-Alloc
 32KB/32B 4-way instruction cache Read-Alloc
real memory  = 2147483648 (2048 MB)
avail memory = 2075971584 (1979 MB)
FreeBSD/SMP: Multiprocessor System Detected: 4 CPUs
random device not loaded; using insecure entropy
random: <Software, Yarrow> initialized
ofwbus0: <Open Firmware Device Tree>
simplebus0: <Flattened device tree simple bus> on ofwbus0
simplebus1: <Flattened device tree simple bus> mem 0x2000000-0x20fffff on simplebus0
imx6_anatop0: <Freescale i.MX6 Analog PLLs and Power> mem 0x20c8000-0x20c8fff irq 49 on simplebus1
simplebus2: <Flattened device tree simple bus> mem 0x2100000-0x21fffff on simplebus0
ocotp0: <Freescale On-Chip One-Time-Programmable Memory> mem 0x21bc000-0x21bffff on simplebus2
ccm0: <Freescale i.MX6 Clock Control Module> mem 0x20c4000-0x20c7fff irq 119,120 on simplebus1
l2cache0: <PL310 L2 cache controller> mem 0xa02000-0xa02fff irq 124 on simplebus0
l2cache0: Part number: 0x3, release: 0x7
l2cache0: L2 Cache enabled: 1024KB/32B 16 ways
gic0: <ARM Generic Interrupt Controller> mem 0xa01000-0xa01fff,0xa00100-0xa001ff on simplebus0
gic0: pn 0x390, arch 0x1, rev 0x2, implementer 0x43b sc->nirqs 160
imx_gpt0: <Freescale i.MX GPT timer> mem 0x2098000-0x209bfff irq 87 on simplebus1
Event timer "iMXGPT" frequency 66000000 Hz quality 800
Timecounter "iMXGPT" frequency 66000000 Hz quality 1000
mp_tmr0: <ARM MPCore Timers> mem 0xa00200-0xa002ff,0xa00600-0xa006ff irq 27,29 on simplebus0
Event timer "MPCore" frequency 492000000 Hz quality 1000
gpio0: <Freescale i.MX GPIO Controller> mem 0x209c000-0x209ffff irq 98,99 on simplebus1
gpioc0: <GPIO controller> on gpio0
gpiobus0: <GPIO bus> on gpio0
gpio1: <Freescale i.MX GPIO Controller> mem 0x20a0000-0x20a3fff irq 100,101 on simplebus1
gpioc1: <GPIO controller> on gpio1
gpiobus1: <GPIO bus> on gpio1
gpio2: <Freescale i.MX GPIO Controller> mem 0x20a4000-0x20a7fff irq 102,103 on simplebus1
gpioc2: <GPIO controller> on gpio2
gpiobus2: <GPIO bus> on gpio2
gpio3: <Freescale i.MX GPIO Controller> mem 0x20a8000-0x20abfff irq 104,105 on simplebus1
gpioc3: <GPIO controller> on gpio3
gpiobus3: <GPIO bus> on gpio3
gpio4: <Freescale i.MX GPIO Controller> mem 0x20ac000-0x20affff irq 106,107 on simplebus1
gpioc4: <GPIO controller> on gpio4
gpiobus4: <GPIO bus> on gpio4
gpio5: <Freescale i.MX GPIO Controller> mem 0x20b0000-0x20b3fff irq 108,109 on simplebus1
gpioc5: <GPIO controller> on gpio5
gpiobus5: <GPIO bus> on gpio5
gpio6: <Freescale i.MX GPIO Controller> mem 0x20b4000-0x20b7fff irq 110,111 on simplebus1
gpioc6: <GPIO controller> on gpio6
gpiobus6: <GPIO bus> on gpio6
uart0: <Freescale i.MX UART> mem 0x2020000-0x2023fff irq 58 on simplebus1
uart0: console (115200,n,8,1)
usbphy0: <Freescale i.MX6 USB PHY> mem 0x20c9000-0x20c9fff irq 44 on simplebus1
usbphy1: <Freescale i.MX6 USB PHY> mem 0x20ca000-0x20cafff irq 45 on simplebus1
ffec0: <Freescale Gigabit Ethernet Controller> mem 0x2188000-0x218bfff irq 150,151 on simplebus2
miibus0: <MII bus> on ffec0
atphy0: <Atheros F1 10/100/1000 PHY> PHY 1 on miibus0
atphy0:  none, 10baseT, 10baseT-FDX, 100baseTX, 100baseTX-FDX, 1000baseSX-FDX, 1000baseT-FDX, 1000baseT-FDX-master, auto
ffec0: Ethernet address: 00:1f:7b:b4:0d:b3
ehci0: <Freescale i.MX integrated USB controller> mem 0x2184000-0x21841ff irq 75 on simplebus2
ehci0: [GIANT-LOCKED]
usbus0: EHCI version 1.0
usbus0 on ehci0
ehci1: <Freescale i.MX integrated USB controller> mem 0x2184200-0x21843ff irq 72 on simplebus2
ehci1: [GIANT-LOCKED]
usbus1: EHCI version 1.0
usbus1 on ehci1
sdhci_imx0: <Freescale uSDHC controller> mem 0x2190000-0x2193fff irq 54 on simplebus2
mmc0: <MMC/SD bus> on sdhci_imx0
sdhci_imx1: <Freescale uSDHC controller> mem 0x2198000-0x219bfff irq 56 on simplebus2
mmc1: <MMC/SD bus> on sdhci_imx1
Timecounters tick every 2.000 msec
usbus0: 480Mbps High Speed USB v2.0
usbus1: 480Mbps High Speed USB v2.0
ugen0.1: <Freescale> at usbus0
uhub0: <Freescale EHCI root HUB, class 9/0, rev 2.00/1.00, addr 1> on usbus0
ugen1.1: <Freescale> at usbus1
uhub1: <Freescale EHCI root HUB, class 9/0, rev 2.00/1.00, addr 1> on usbus1
mmc0: No compatible cards found on bus
mmcsd0: 8GB <SDHC SA08G 1.3 SN 37F98CD8 MFG 11/2013 by 2 TM> at mmc1 50.0MHz/4bit/65535-block
random: unblocking device.
Release APs
uhub0: 1 port with 1 removable, self powered
uhub1: 1 port with 1 removable, self powered
Root mount waiting for: usbus1
ugen1.2: <Sunplus Innovation Technology.> at usbus1
umass0: <Bulk Only Interface> on usbus1
Trying to mount root from ufs:/dev/da0s2a [rw]...
mountroot: waiting for device /dev/da0s2a ...
da0 at umass-sim0 bus 0 scbus0 target 0 lun 0
da0: <WDC WD32 00BPVT-00JJ5T0 > Fixed Direct Access SCSI-4 device
da0: Serial Number FDC0FD320000000FD0FF41E44AFFF3
da0: 40.000MB/s transfers
da0: 305245MB (625142448 512 byte sectors: 255H 63S/T 38913C)
da0: quirks=0xa<NO_6_BYTE,4K>
warning: no time-of-day clock registered, system time will not be set accurately
Setting hostuuid: fb6721b4-5f93-11e4-9d87-001f7bb40db3.
Setting hostid: 0x4d89df15.
No suitable dump device was found.
Entropy harvesting: interrupts ethernet point_to_point swi.
Starting file system checks:
/dev/da0s2a: FILE SYSTEM CLEAN; SKIPPING CHECKS
/dev/da0s2a: clean, 74383689 free (5841 frags, 9297231 blocks, 0.0% fragmentation)
Mounting local file systems:.
Writing entropy file:.
Setting hostname: wandboard.
ffec0: link state changed to DOWN
ffec0: link state changed to UP
Starting Network: lo0 ffec0.
lo0: flags=8049<UP,LOOPBACK,RUNNING,MULTICAST> metric 0 mtu 16384
        options=600003<RXCSUM,TXCSUM,RXCSUM_IPV6,TXCSUM_IPV6>
        inet6 ::1 prefixlen 128
        inet6 fe80::1%lo0 prefixlen 64 scopeid 0x2
        inet 127.0.0.1 netmask 0xff000000
        nd6 options=21<PERFORMNUD,AUTO_LINKLOCAL>
ffec0: flags=8843<UP,BROADCAST,RUNNING,SIMPLEX,MULTICAST> metric 0 mtu 1500
        options=80008<VLAN_MTU,LINKSTATE>
        ether 00:1f:7b:b4:0d:b3
        media: Ethernet autoselect (100baseTX <full-duplex>)
        status: active
        nd6 options=29<PERFORMNUD,IFDISABLED,AUTO_LINKLOCAL>
Starting devd.
Starting dhclient.
DHCPREQUEST on ffec0 to 255.255.255.255 port 67
DHCPACK from 10.0.0.1
bound to 10.0.0.110 -- renewal in 300 seconds.
Starting pflogd:
add net fe80::: gateway ::1
add net ff02::: gateway ::1
add net ::ffff:0.0.0.0: gateway ::1
add net ::0.0.0.0: gateway ::1
ELF ldconfig path: /lib /usr/lib /usr/lib/compat /usr/local/lib
Creating and/or trimming log files.
Starting syslogd.
Starting rpcbind.
Starting casperd.
Clearing /tmp (X related).
Starting mountd.
NFSv4 is disabled
Starting nfsd.
Updating motd:.
Mounting late file systems:.
Starting ntpd.
Performing sanity check on sshd configuration.
Starting sshd.
Starting sendmail_submit.
Starting sendmail_msp_queue.
Starting cron.
Starting background file system checks in 60 seconds.

Sat Nov  8 07:11:15 UTC 2014

FreeBSD/arm (wandboard) (ttyu0)

login: Nov  8 07:11:20 wandboard ntpd[564]: time correction of 132316 seconds exceeds sanity limit (1000); set clock manually to the correct UTC time.


FreeBSD/arm (wandboard) (ttyu0)

login: Nov  8 07:13:26 wandboard su: jeroen to root on /dev/pts/0
fb0: <i.MX Image Processing Unit v3 (FB)> mem 
0x2600000-0x2607fff,0x2608000-0x260ffff,0x2618000-0x261ffff,0x2620000-0x2627fff,0x2628000-0x262ffff,0x2630000-0x2637fff,0x2638000-0x263ffff,0x2640000-0x2647fff,0x2648000-0x264ffff,0x2650000-0x2657fff,0x2658000-0x265ffff,0x2660000-0x2667fff,0x2668000-0x266ffff,0x2700000-0x271ffff,0x2720000-0x273ffff,0x2740000-0x275ffff,0x2760000-0x277ffff,0x2780000-0x279ffff 
on simplebus0
480x272 [960]
fbd0 on fb0
